PASS P04 focal
PASS P04 revision
PASS P04 report
PASS P04 report_version
PASS P04 projection
PASS P04 projection_version
PASS P04 contract
PASS P04 contract_version
PASS P04 frame:namespace
PASS P04 frame:projection
PASS P04 frame:projection_version
PASS P04 checker-swap
PASS P04 question-swap
PASS P05 criterion:remove
PASS P05 criterion:replace
PASS P05 criterion:unavailable
PASS P05 W1:remove
PASS P05 W1:replace
PASS P05 W1:unavailable
PASS P05 W2:remove
PASS P05 W2:replace
PASS P05 W2:unavailable
PASS P05 selector:remove
PASS P05 selector:replace
PASS P05 selector:unavailable
PASS P05 unit_context:remove
PASS P05 unit_context:replace
PASS P05 unit_context:unavailable
PASS P06 correlated-producer
PASS P06 actual-defective-copy-pristine-source
PASS P15 role:sender
PASS P15 role:receiver
PASS P15 role:caller
PASS P15 role:observer
PASS P15 role:resolver
PASS P07 direct-PASS-old-route-spoof
PASS P08 replay-and-equal-bytes-distinct-identity
PASS P09 changed-report
PASS P09 changed-revision
PASS P09 changed-criterion
PASS P09 changed-W2
PASS P09 stale-method
PASS P10 partial-prior-commit-rollback
PASS P11 uncertain-ack-exact-observation
PASS P14 concurrent-local-publication
PASS P13 report-loss-after-history
PASS P13 evidence-loss-after-history
PASS P13 export-loss-after-history
PASS P16 reversed-arrival
ERROR:  b10_protected_publication
CONTEXT:  PL/pgSQL function ecb10.prepare() line 3 at RAISE
