proof	UNKNOWN STEP	﻿2026-09-11T19:09:02.6384834Z Current runner version: '2.337.0'
proof	UNKNOWN STEP	2026-09-11T19:09:02.6465467Z ##[group]Runner Image Provisioner
proof	UNKNOWN STEP	2026-09-11T19:09:02.6466821Z Hosted Compute Agent
proof	UNKNOWN STEP	2026-09-11T19:09:02.6467758Z Version: 20260828.587
proof	UNKNOWN STEP	2026-09-11T19:09:02.6468926Z Commit: abac92662cab4cc7352de4f9f9d2e2419aad9c29
proof	UNKNOWN STEP	2026-09-11T19:09:02.6470047Z Build Date: 2026-08-28T16:44:25Z
proof	UNKNOWN STEP	2026-09-11T19:09:02.6471184Z Worker ID: {dacfcbaf-32d2-475a-82ff-30d18a634aae}
proof	UNKNOWN STEP	2026-09-11T19:09:02.6472312Z Azure Region: eastus2
proof	UNKNOWN STEP	2026-09-11T19:09:02.6493896Z ##[endgroup]
proof	UNKNOWN STEP	2026-09-11T19:09:02.6496197Z ##[group]Operating System
proof	UNKNOWN STEP	2026-09-11T19:09:02.6497164Z Ubuntu
proof	UNKNOWN STEP	2026-09-11T19:09:02.6498062Z 24.04.5
proof	UNKNOWN STEP	2026-09-11T19:09:02.6499072Z LTS
proof	UNKNOWN STEP	2026-09-11T19:09:02.6499909Z ##[endgroup]
proof	UNKNOWN STEP	2026-09-11T19:09:02.6500782Z ##[group]Runner Image
proof	UNKNOWN STEP	2026-09-11T19:09:02.6501722Z Image: ubuntu-24.04
proof	UNKNOWN STEP	2026-09-11T19:09:02.6503062Z Version: 20260907.300.1
proof	UNKNOWN STEP	2026-09-11T19:09:02.6505956Z Included Software: https://github.com/actions/runner-images/blob/ubuntu24/20260907.300/images/ubuntu/Ubuntu2404-Readme.md
proof	UNKNOWN STEP	2026-09-11T19:09:02.6508610Z Image Release: https://github.com/actions/runner-images/releases/tag/ubuntu24%2F20260907.300
proof	UNKNOWN STEP	2026-09-11T19:09:02.6510240Z ##[endgroup]
proof	UNKNOWN STEP	2026-09-11T19:09:02.6511988Z ##[group]GITHUB_TOKEN Permissions
proof	UNKNOWN STEP	2026-09-11T19:09:02.6515304Z Contents: read
proof	UNKNOWN STEP	2026-09-11T19:09:02.6516201Z Metadata: read
proof	UNKNOWN STEP	2026-09-11T19:09:02.6517023Z ##[endgroup]
proof	UNKNOWN STEP	2026-09-11T19:09:02.6520859Z Secret source: Actions
proof	UNKNOWN STEP	2026-09-11T19:09:02.6522311Z Cache mode: write
proof	UNKNOWN STEP	2026-09-11T19:09:02.6544523Z Prepare workflow directory
proof	UNKNOWN STEP	2026-09-11T19:09:02.7365101Z Prepare all required actions
proof	UNKNOWN STEP	2026-09-11T19:09:02.7438331Z Getting action download info
proof	UNKNOWN STEP	2026-09-11T19:09:02.9642164Z Download action repository 'actions/checkout@v4' (SHA:11d5960a326750d5838078e36cf38b85af677262)
proof	UNKNOWN STEP	2026-09-11T19:09:03.0834618Z Download action repository 'actions/setup-node@v4' (SHA:49933ea5288caeca8642d1e84afbd3f7d6820020)
proof	UNKNOWN STEP	2026-09-11T19:09:03.1876667Z Download action repository 'denoland/setup-deno@v2' (SHA:22d081ff2d3a40755e97629de92e3bcbfa7cf2ed)
proof	UNKNOWN STEP	2026-09-11T19:09:03.3697284Z Download action repository 'actions/upload-artifact@v4' (SHA:ea165f8d65b6e75b540449e92b4886f43607fa02)
proof	UNKNOWN STEP	2026-09-11T19:09:03.6397067Z Complete job name: proof
proof	UNKNOWN STEP	2026-09-11T19:09:03.7178249Z Node 20 is being deprecated. This workflow is running with Node 24 by default. If you need to temporarily use Node 20, you can set the ACTIONS_ALLOW_USE_UNSECURE_NODE_VERSION=true environment variable. For more information see: https://github.blog/changelog/2025-09-19-deprecation-of-node-20-on-github-actions-runners/
proof	UNKNOWN STEP	2026-09-11T19:09:03.7187608Z ##[group]Run actions/checkout@v4
proof	UNKNOWN STEP	2026-09-11T19:09:03.7188312Z with:
proof	UNKNOWN STEP	2026-09-11T19:09:03.7188773Z   repository: Levi-Anthony/ecb-v2
proof	UNKNOWN STEP	2026-09-11T19:09:03.7193336Z   token: ***
proof	UNKNOWN STEP	2026-09-11T19:09:03.7193788Z   ssh-strict: true
proof	UNKNOWN STEP	2026-09-11T19:09:03.7194241Z   ssh-user: git
proof	UNKNOWN STEP	2026-09-11T19:09:03.7194699Z   persist-credentials: true
proof	UNKNOWN STEP	2026-09-11T19:09:03.7195193Z   clean: true
proof	UNKNOWN STEP	2026-09-11T19:09:03.7195644Z   sparse-checkout-cone-mode: true
proof	UNKNOWN STEP	2026-09-11T19:09:03.7196166Z   fetch-depth: 1
proof	UNKNOWN STEP	2026-09-11T19:09:03.7196635Z   fetch-tags: false
proof	UNKNOWN STEP	2026-09-11T19:09:03.7197079Z   show-progress: true
proof	UNKNOWN STEP	2026-09-11T19:09:03.7197548Z   lfs: false
proof	UNKNOWN STEP	2026-09-11T19:09:03.7198043Z   submodules: false
proof	UNKNOWN STEP	2026-09-11T19:09:03.7198493Z   set-safe-directory: true
proof	UNKNOWN STEP	2026-09-11T19:09:03.7199006Z   allow-unsafe-pr-checkout: false
proof	UNKNOWN STEP	2026-09-11T19:09:03.7199750Z ##[endgroup]
proof	UNKNOWN STEP	2026-09-11T19:09:03.8489240Z Syncing repository: Levi-Anthony/ecb-v2
proof	UNKNOWN STEP	2026-09-11T19:09:03.8492775Z ##[group]Getting Git version info
proof	UNKNOWN STEP	2026-09-11T19:09:03.8496236Z Working directory is '/home/runner/work/ecb-v2/ecb-v2'
proof	UNKNOWN STEP	2026-09-11T19:09:03.8497804Z [command]/usr/bin/git version
proof	UNKNOWN STEP	2026-09-11T19:09:03.8665870Z git version 2.55.0
proof	UNKNOWN STEP	2026-09-11T19:09:03.8671570Z ##[endgroup]
proof	UNKNOWN STEP	2026-09-11T19:09:03.8682742Z Temporarily overriding HOME='/home/runner/work/_temp/5abdfa90-852a-413d-9277-8e3f350c6c34' before making global git config changes
proof	UNKNOWN STEP	2026-09-11T19:09:03.8685615Z Adding repository directory to the temporary git global config as a safe directory
proof	UNKNOWN STEP	2026-09-11T19:09:03.8688218Z [command]/usr/bin/git config --global --add safe.directory /home/runner/work/ecb-v2/ecb-v2
proof	UNKNOWN STEP	2026-09-11T19:09:03.8756620Z Deleting the contents of '/home/runner/work/ecb-v2/ecb-v2'
proof	UNKNOWN STEP	2026-09-11T19:09:03.8784274Z ##[group]Initializing the repository
proof	UNKNOWN STEP	2026-09-11T19:09:03.8785104Z [command]/usr/bin/git init /home/runner/work/ecb-v2/ecb-v2
proof	UNKNOWN STEP	2026-09-11T19:09:03.8910660Z hint: Using 'master' as the name for the initial branch. This default branch name
proof	UNKNOWN STEP	2026-09-11T19:09:03.8924009Z hint: will change to "main" in Git 3.0. To configure the initial branch name
proof	UNKNOWN STEP	2026-09-11T19:09:03.8940162Z hint: to use in all of your new repositories, which will suppress this warning,
proof	UNKNOWN STEP	2026-09-11T19:09:03.8943976Z hint: call:
proof	UNKNOWN STEP	2026-09-11T19:09:03.8945303Z hint:
proof	UNKNOWN STEP	2026-09-11T19:09:03.8946616Z hint: 	git config --global init.defaultBranch <name>
proof	UNKNOWN STEP	2026-09-11T19:09:03.8948834Z hint:
proof	UNKNOWN STEP	2026-09-11T19:09:03.8950116Z hint: Names commonly chosen instead of 'master' are 'main', 'trunk' and
proof	UNKNOWN STEP	2026-09-11T19:09:03.8954218Z hint: 'development'. The just-created branch can be renamed via this command:
proof	UNKNOWN STEP	2026-09-11T19:09:03.8959375Z hint:
proof	UNKNOWN STEP	2026-09-11T19:09:03.8960762Z hint: 	git branch -m <name>
proof	UNKNOWN STEP	2026-09-11T19:09:03.8968183Z hint:
proof	UNKNOWN STEP	2026-09-11T19:09:03.8970223Z hint: Disable this message with "git config set advice.defaultBranchName false"
proof	UNKNOWN STEP	2026-09-11T19:09:03.8973248Z Initialized empty Git repository in /home/runner/work/ecb-v2/ecb-v2/.git/
proof	UNKNOWN STEP	2026-09-11T19:09:03.8978063Z [command]/usr/bin/git remote add origin https://github.com/Levi-Anthony/ecb-v2
proof	UNKNOWN STEP	2026-09-11T19:09:03.8984317Z ##[endgroup]
proof	UNKNOWN STEP	2026-09-11T19:09:03.8986115Z ##[group]Disabling automatic garbage collection
proof	UNKNOWN STEP	2026-09-11T19:09:03.8999705Z [command]/usr/bin/git config --local gc.auto 0
proof	UNKNOWN STEP	2026-09-11T19:09:03.9071780Z ##[endgroup]
proof	UNKNOWN STEP	2026-09-11T19:09:03.9073635Z ##[group]Setting up auth
proof	UNKNOWN STEP	2026-09-11T19:09:03.9075446Z [command]/usr/bin/git config --local --name-only --get-regexp core\.sshCommand
proof	UNKNOWN STEP	2026-09-11T19:09:03.9133306Z [command]/usr/bin/git submodule foreach --recursive sh -c "git config --local --name-only --get-regexp 'core\.sshCommand' && git config --local --unset-all 'core.sshCommand' || :"
proof	UNKNOWN STEP	2026-09-11T19:09:03.9744943Z [command]/usr/bin/git config --local --name-only --get-regexp http\.https\:\/\/github\.com\/\.extraheader
proof	UNKNOWN STEP	2026-09-11T19:09:03.9779976Z [command]/usr/bin/git submodule foreach --recursive sh -c "git config --local --name-only --get-regexp 'http\.https\:\/\/github\.com\/\.extraheader' && git config --local --unset-all 'http.https://github.com/.extraheader' || :"
proof	UNKNOWN STEP	2026-09-11T19:09:04.0041564Z [command]/usr/bin/git config --local --name-only --get-regexp ^includeIf\.gitdir:
proof	UNKNOWN STEP	2026-09-11T19:09:04.0087904Z [command]/usr/bin/git submodule foreach --recursive git config --local --show-origin --name-only --get-regexp remote.origin.url
proof	UNKNOWN STEP	2026-09-11T19:09:04.0354556Z [command]/usr/bin/git config --local http.https://github.com/.extraheader AUTHORIZATION: basic ***
proof	UNKNOWN STEP	2026-09-11T19:09:04.0404559Z ##[endgroup]
proof	UNKNOWN STEP	2026-09-11T19:09:04.0406485Z ##[group]Fetching the repository
proof	UNKNOWN STEP	2026-09-11T19:09:04.0417774Z [command]/usr/bin/git -c protocol.version=2 fetch --no-tags --prune --no-recurse-submodules --depth=1 origin +c64d55dd6be00395fc39c0a845a6dcc3dd304b42:refs/remotes/origin/build/eco-103-build-8-move
proof	UNKNOWN STEP	2026-09-11T19:09:04.5571366Z From https://github.com/Levi-Anthony/ecb-v2
proof	UNKNOWN STEP	2026-09-11T19:09:04.5612128Z  * [new ref]         c64d55dd6be00395fc39c0a845a6dcc3dd304b42 -> origin/build/eco-103-build-8-move
proof	UNKNOWN STEP	2026-09-11T19:09:04.5675640Z ##[endgroup]
proof	UNKNOWN STEP	2026-09-11T19:09:04.5728860Z ##[group]Determining the checkout info
proof	UNKNOWN STEP	2026-09-11T19:09:04.5731668Z ##[endgroup]
proof	UNKNOWN STEP	2026-09-11T19:09:04.5749389Z [command]/usr/bin/git sparse-checkout disable
proof	UNKNOWN STEP	2026-09-11T19:09:04.5756862Z [command]/usr/bin/git config --local --unset-all extensions.worktreeConfig
proof	UNKNOWN STEP	2026-09-11T19:09:04.5763416Z ##[group]Checking out the ref
proof	UNKNOWN STEP	2026-09-11T19:09:04.5767128Z [command]/usr/bin/git checkout --progress --force -B build/eco-103-build-8-move refs/remotes/origin/build/eco-103-build-8-move
proof	UNKNOWN STEP	2026-09-11T19:09:04.6189869Z Switched to a new branch 'build/eco-103-build-8-move'
proof	UNKNOWN STEP	2026-09-11T19:09:04.6206779Z branch 'build/eco-103-build-8-move' set up to track 'origin/build/eco-103-build-8-move'.
proof	UNKNOWN STEP	2026-09-11T19:09:04.6265178Z ##[endgroup]
proof	UNKNOWN STEP	2026-09-11T19:09:04.6323935Z [command]/usr/bin/git log -1 --format=%H
proof	UNKNOWN STEP	2026-09-11T19:09:04.6326803Z c64d55dd6be00395fc39c0a845a6dcc3dd304b42
proof	UNKNOWN STEP	2026-09-11T19:09:04.7025496Z Node 20 is being deprecated. This workflow is running with Node 24 by default. If you need to temporarily use Node 20, you can set the ACTIONS_ALLOW_USE_UNSECURE_NODE_VERSION=true environment variable. For more information see: https://github.blog/changelog/2025-09-19-deprecation-of-node-20-on-github-actions-runners/
proof	UNKNOWN STEP	2026-09-11T19:09:04.7035766Z ##[group]Run actions/setup-node@v4
proof	UNKNOWN STEP	2026-09-11T19:09:04.7038034Z with:
proof	UNKNOWN STEP	2026-09-11T19:09:04.7039721Z   node-version: 24
proof	UNKNOWN STEP	2026-09-11T19:09:04.7041929Z   always-auth: false
proof	UNKNOWN STEP	2026-09-11T19:09:04.7044022Z   check-latest: false
proof	UNKNOWN STEP	2026-09-11T19:09:04.7066336Z   token: ***
proof	UNKNOWN STEP	2026-09-11T19:09:04.7068206Z ##[endgroup]
proof	UNKNOWN STEP	2026-09-11T19:09:04.8795989Z Found in cache @ /opt/hostedtoolcache/node/24.20.0/x64
proof	UNKNOWN STEP	2026-09-11T19:09:04.8800614Z ##[group]Environment details
proof	UNKNOWN STEP	2026-09-11T19:09:04.8805294Z (node:2077) [DEP0040] DeprecationWarning: The `punycode` module is deprecated. Please use a userland alternative instead.
proof	UNKNOWN STEP	2026-09-11T19:09:04.8809070Z (Use `node --trace-deprecation ...` to show where the warning was created)
proof	UNKNOWN STEP	2026-09-11T19:09:05.4585046Z node: v24.20.0
proof	UNKNOWN STEP	2026-09-11T19:09:05.4585525Z npm: 11.19.0
proof	UNKNOWN STEP	2026-09-11T19:09:05.4585829Z yarn: 1.22.22
proof	UNKNOWN STEP	2026-09-11T19:09:05.4586618Z ##[endgroup]
proof	UNKNOWN STEP	2026-09-11T19:09:05.4750885Z ##[group]Run denoland/setup-deno@v2
proof	UNKNOWN STEP	2026-09-11T19:09:05.4751206Z with:
proof	UNKNOWN STEP	2026-09-11T19:09:05.4751426Z   deno-version: v2.x
proof	UNKNOWN STEP	2026-09-11T19:09:05.4751667Z   deno-binary-name: deno
proof	UNKNOWN STEP	2026-09-11T19:09:05.4751912Z   cache: false
proof	UNKNOWN STEP	2026-09-11T19:09:05.4752122Z ##[endgroup]
proof	UNKNOWN STEP	2026-09-11T19:09:05.9851004Z Going to install stable version 2.9.6.
proof	UNKNOWN STEP	2026-09-11T19:09:05.9863287Z Downloading Deno from https://github.com/denoland/deno/releases/download/v2.9.6/deno-x86_64-unknown-linux-gnu.zip.
proof	UNKNOWN STEP	2026-09-11T19:09:06.4024990Z [command]/usr/bin/unzip -o -q /home/runner/work/_temp/04a239d4-1527-46e2-92e7-632ca39502aa
proof	UNKNOWN STEP	2026-09-11T19:09:07.4629189Z Cached Deno to /opt/hostedtoolcache/deno/2.9.6/x64.
proof	UNKNOWN STEP	2026-09-11T19:09:07.4650791Z Installation complete.
proof	UNKNOWN STEP	2026-09-11T19:09:07.4811907Z ##[group]Run bash tests/build-8/verify.sh
proof	UNKNOWN STEP	2026-09-11T19:09:07.4812347Z ^[[36;1mbash tests/build-8/verify.sh^[[0m
proof	UNKNOWN STEP	2026-09-11T19:09:07.8954396Z shell: /usr/bin/bash -e {0}
proof	UNKNOWN STEP	2026-09-11T19:09:07.8954933Z ##[endgroup]
proof	UNKNOWN STEP	2026-09-11T19:09:10.6020056Z 
proof	UNKNOWN STEP	2026-09-11T19:09:10.6021330Z added 1 package in 2s
proof	UNKNOWN STEP	2026-09-11T19:09:10.8099091Z Unable to find image 'pgvector/pgvector:0.8.2-pg17' locally
proof	UNKNOWN STEP	2026-09-11T19:09:11.1198889Z 0.8.2-pg17: Pulling from pgvector/pgvector
proof	UNKNOWN STEP	2026-09-11T19:09:11.2046155Z 9b02e9fcb401: Pulling fs layer
proof	UNKNOWN STEP	2026-09-11T19:09:11.2047235Z 436f2bc184de: Pulling fs layer
proof	UNKNOWN STEP	2026-09-11T19:09:11.2048212Z 85a3334f272d: Pulling fs layer
proof	UNKNOWN STEP	2026-09-11T19:09:11.2048972Z 64425a2e068a: Pulling fs layer
proof	UNKNOWN STEP	2026-09-11T19:09:11.2049663Z 125e262718be: Pulling fs layer
proof	UNKNOWN STEP	2026-09-11T19:09:11.2050325Z 586fbef7a97a: Pulling fs layer
proof	UNKNOWN STEP	2026-09-11T19:09:11.2051241Z 22657e792bad: Pulling fs layer
proof	UNKNOWN STEP	2026-09-11T19:09:11.2051963Z bb7443bf8a16: Pulling fs layer
proof	UNKNOWN STEP	2026-09-11T19:09:11.2053136Z 7eb6beb01bf4: Pulling fs layer
proof	UNKNOWN STEP	2026-09-11T19:09:11.2053983Z d59f7b1ad75d: Pulling fs layer
proof	UNKNOWN STEP	2026-09-11T19:09:11.2054673Z eb13f99a5f8c: Pulling fs layer
proof	UNKNOWN STEP	2026-09-11T19:09:11.2055387Z 8b6e01a69a5e: Pulling fs layer
proof	UNKNOWN STEP	2026-09-11T19:09:11.2056054Z 3cef98123686: Pulling fs layer
proof	UNKNOWN STEP	2026-09-11T19:09:11.2056738Z 891c16122c8f: Pulling fs layer
proof	UNKNOWN STEP	2026-09-11T19:09:11.2057505Z 9ad2c7c641c9: Pulling fs layer
proof	UNKNOWN STEP	2026-09-11T19:09:11.2058319Z 2677498f6a88: Pulling fs layer
proof	UNKNOWN STEP	2026-09-11T19:09:11.2059052Z 7eb6beb01bf4: Waiting
proof	UNKNOWN STEP	2026-09-11T19:09:11.2059703Z d59f7b1ad75d: Waiting
proof	UNKNOWN STEP	2026-09-11T19:09:11.2060412Z eb13f99a5f8c: Waiting
proof	UNKNOWN STEP	2026-09-11T19:09:11.2061007Z 8b6e01a69a5e: Waiting
proof	UNKNOWN STEP	2026-09-11T19:09:11.2061605Z 3cef98123686: Waiting
proof	UNKNOWN STEP	2026-09-11T19:09:11.2062240Z 891c16122c8f: Waiting
proof	UNKNOWN STEP	2026-09-11T19:09:11.2063263Z 9ad2c7c641c9: Waiting
proof	UNKNOWN STEP	2026-09-11T19:09:11.2063959Z 2677498f6a88: Waiting
proof	UNKNOWN STEP	2026-09-11T19:09:11.2064969Z 64425a2e068a: Waiting
proof	UNKNOWN STEP	2026-09-11T19:09:11.2065587Z 125e262718be: Waiting
proof	UNKNOWN STEP	2026-09-11T19:09:11.2066197Z 586fbef7a97a: Waiting
proof	UNKNOWN STEP	2026-09-11T19:09:11.2066806Z bb7443bf8a16: Waiting
proof	UNKNOWN STEP	2026-09-11T19:09:11.2067411Z 22657e792bad: Waiting
proof	UNKNOWN STEP	2026-09-11T19:09:11.2607909Z 436f2bc184de: Verifying Checksum
proof	UNKNOWN STEP	2026-09-11T19:09:11.2608434Z 436f2bc184de: Download complete
proof	UNKNOWN STEP	2026-09-11T19:09:11.3304020Z 85a3334f272d: Verifying Checksum
proof	UNKNOWN STEP	2026-09-11T19:09:11.3308382Z 85a3334f272d: Download complete
proof	UNKNOWN STEP	2026-09-11T19:09:11.3597729Z 64425a2e068a: Verifying Checksum
proof	UNKNOWN STEP	2026-09-11T19:09:11.3599417Z 64425a2e068a: Download complete
proof	UNKNOWN STEP	2026-09-11T19:09:11.4116471Z 9b02e9fcb401: Download complete
proof	UNKNOWN STEP	2026-09-11T19:09:11.4623826Z 586fbef7a97a: Verifying Checksum
proof	UNKNOWN STEP	2026-09-11T19:09:11.4626075Z 586fbef7a97a: Download complete
proof	UNKNOWN STEP	2026-09-11T19:09:11.4689048Z 22657e792bad: Verifying Checksum
proof	UNKNOWN STEP	2026-09-11T19:09:11.4693629Z 22657e792bad: Download complete
proof	UNKNOWN STEP	2026-09-11T19:09:11.4797107Z 125e262718be: Verifying Checksum
proof	UNKNOWN STEP	2026-09-11T19:09:11.4801190Z 125e262718be: Download complete
proof	UNKNOWN STEP	2026-09-11T19:09:11.5163971Z bb7443bf8a16: Verifying Checksum
proof	UNKNOWN STEP	2026-09-11T19:09:11.5165215Z bb7443bf8a16: Download complete
proof	UNKNOWN STEP	2026-09-11T19:09:11.5345105Z d59f7b1ad75d: Verifying Checksum
proof	UNKNOWN STEP	2026-09-11T19:09:11.5345989Z d59f7b1ad75d: Download complete
proof	UNKNOWN STEP	2026-09-11T19:09:11.5699292Z eb13f99a5f8c: Verifying Checksum
proof	UNKNOWN STEP	2026-09-11T19:09:11.5702153Z eb13f99a5f8c: Download complete
proof	UNKNOWN STEP	2026-09-11T19:09:11.5915394Z 8b6e01a69a5e: Verifying Checksum
proof	UNKNOWN STEP	2026-09-11T19:09:11.5916979Z 8b6e01a69a5e: Download complete
proof	UNKNOWN STEP	2026-09-11T19:09:11.6441179Z 3cef98123686: Verifying Checksum
proof	UNKNOWN STEP	2026-09-11T19:09:11.6444371Z 3cef98123686: Download complete
proof	UNKNOWN STEP	2026-09-11T19:09:11.6626255Z 891c16122c8f: Verifying Checksum
proof	UNKNOWN STEP	2026-09-11T19:09:11.6628138Z 891c16122c8f: Download complete
proof	UNKNOWN STEP	2026-09-11T19:09:11.7260077Z 9ad2c7c641c9: Verifying Checksum
proof	UNKNOWN STEP	2026-09-11T19:09:11.7263860Z 9ad2c7c641c9: Download complete
proof	UNKNOWN STEP	2026-09-11T19:09:11.8040877Z 2677498f6a88: Verifying Checksum
proof	UNKNOWN STEP	2026-09-11T19:09:11.8044733Z 2677498f6a88: Download complete
proof	UNKNOWN STEP	2026-09-11T19:09:12.0149624Z 7eb6beb01bf4: Verifying Checksum
proof	UNKNOWN STEP	2026-09-11T19:09:12.0187353Z 7eb6beb01bf4: Download complete
proof	UNKNOWN STEP	2026-09-11T19:09:12.9507035Z 9b02e9fcb401: Pull complete
proof	UNKNOWN STEP	2026-09-11T19:09:15.2053503Z 436f2bc184de: Pull complete
proof	UNKNOWN STEP	2026-09-11T19:09:15.3662225Z 85a3334f272d: Pull complete
proof	UNKNOWN STEP	2026-09-11T19:09:15.4162096Z 64425a2e068a: Pull complete
proof	UNKNOWN STEP	2026-09-11T19:09:15.8060604Z 125e262718be: Pull complete
proof	UNKNOWN STEP	2026-09-11T19:09:15.8943924Z 586fbef7a97a: Pull complete
proof	UNKNOWN STEP	2026-09-11T19:09:15.9049010Z 22657e792bad: Pull complete
proof	UNKNOWN STEP	2026-09-11T19:09:15.9152849Z bb7443bf8a16: Pull complete
proof	UNKNOWN STEP	2026-09-11T19:09:20.2557582Z 7eb6beb01bf4: Pull complete
proof	UNKNOWN STEP	2026-09-11T19:09:20.2753918Z d59f7b1ad75d: Pull complete
proof	UNKNOWN STEP	2026-09-11T19:09:20.3100689Z eb13f99a5f8c: Pull complete
proof	UNKNOWN STEP	2026-09-11T19:09:20.3242213Z 8b6e01a69a5e: Pull complete
proof	UNKNOWN STEP	2026-09-11T19:09:20.3336200Z 3cef98123686: Pull complete
proof	UNKNOWN STEP	2026-09-11T19:09:20.3451229Z 891c16122c8f: Pull complete
proof	UNKNOWN STEP	2026-09-11T19:09:20.3976613Z 9ad2c7c641c9: Pull complete
proof	UNKNOWN STEP	2026-09-11T19:09:20.4866213Z 2677498f6a88: Pull complete
proof	UNKNOWN STEP	2026-09-11T19:09:20.4912988Z Digest: sha256:feb68f4f15446397d8cac7f4fe48fe4586de83160d1fc48b46283312d1a33966
proof	UNKNOWN STEP	2026-09-11T19:09:20.4925536Z Status: Downloaded newer image for pgvector/pgvector:0.8.2-pg17
proof	UNKNOWN STEP	2026-09-11T19:09:22.1993491Z CREATE ROLE
proof	UNKNOWN STEP	2026-09-11T19:09:22.1994144Z CREATE ROLE
proof	UNKNOWN STEP	2026-09-11T19:09:22.1997304Z CREATE ROLE
proof	UNKNOWN STEP	2026-09-11T19:09:22.2000201Z CREATE ROLE
proof	UNKNOWN STEP	2026-09-11T19:09:22.2008344Z GRANT ROLE
proof	UNKNOWN STEP	2026-09-11T19:09:22.4791472Z CREATE SCHEMA
proof	UNKNOWN STEP	2026-09-11T19:09:22.4797854Z CREATE SCHEMA
proof	UNKNOWN STEP	2026-09-11T19:09:22.4830079Z CREATE EXTENSION
proof	UNKNOWN STEP	2026-09-11T19:09:22.4957240Z CREATE EXTENSION
proof	UNKNOWN STEP	2026-09-11T19:09:22.4961295Z GRANT
proof	UNKNOWN STEP	2026-09-11T19:09:22.6182705Z CREATE TABLE
proof	UNKNOWN STEP	2026-09-11T19:09:22.6293044Z Applying accepted predecessor: sql/migrations/20260903235721_build_0_atomic_thoughts.sql
proof	UNKNOWN STEP	2026-09-11T19:09:22.7373413Z psql:sql/migrations/20260903235721_build_0_atomic_thoughts.sql:4: NOTICE:  extension "vector" already exists, skipping
proof	UNKNOWN STEP	2026-09-11T19:09:22.7374405Z CREATE EXTENSION
proof	UNKNOWN STEP	2026-09-11T19:09:22.7417821Z CREATE TABLE
proof	UNKNOWN STEP	2026-09-11T19:09:22.7421935Z COMMENT
proof	UNKNOWN STEP	2026-09-11T19:09:22.7423670Z ALTER TABLE
proof	UNKNOWN STEP	2026-09-11T19:09:22.7429129Z REVOKE
proof	UNKNOWN STEP	2026-09-11T19:09:22.7431000Z GRANT
proof	UNKNOWN STEP	2026-09-11T19:09:22.7443320Z CREATE FUNCTION
proof	UNKNOWN STEP	2026-09-11T19:09:22.7456371Z REVOKE
proof	UNKNOWN STEP	2026-09-11T19:09:22.7523404Z GRANT
proof	UNKNOWN STEP	2026-09-11T19:09:22.8674096Z INSERT 0 1
proof	UNKNOWN STEP	2026-09-11T19:09:22.8807191Z Applying accepted predecessor: sql/migrations/20260904000010_build_0_least_privilege.sql
proof	UNKNOWN STEP	2026-09-11T19:09:22.9883630Z REVOKE
proof	UNKNOWN STEP	2026-09-11T19:09:22.9884013Z GRANT
proof	UNKNOWN STEP	2026-09-11T19:09:23.0011084Z Applying accepted predecessor: sql/migrations/20260904093341_build_2_universal_referents.sql
proof	UNKNOWN STEP	2026-09-11T19:09:23.1078153Z BEGIN
proof	UNKNOWN STEP	2026-09-11T19:09:23.1079187Z LOCK TABLE
proof	UNKNOWN STEP	2026-09-11T19:09:23.1099494Z CREATE TABLE
proof	UNKNOWN STEP	2026-09-11T19:09:23.1111184Z CREATE FUNCTION
proof	UNKNOWN STEP	2026-09-11T19:09:23.1112987Z REVOKE
proof	UNKNOWN STEP	2026-09-11T19:09:23.1119316Z CREATE TRIGGER
proof	UNKNOWN STEP	2026-09-11T19:09:23.1125540Z INSERT 0 1
proof	UNKNOWN STEP	2026-09-11T19:09:23.1126628Z INSERT 0 1
proof	UNKNOWN STEP	2026-09-11T19:09:23.1138991Z ALTER TABLE
proof	UNKNOWN STEP	2026-09-11T19:09:23.1140232Z ALTER TABLE
proof	UNKNOWN STEP	2026-09-11T19:09:23.1142259Z REVOKE
proof	UNKNOWN STEP	2026-09-11T19:09:23.1159545Z GRANT
proof	UNKNOWN STEP	2026-09-11T19:09:23.1173407Z GRANT
proof	UNKNOWN STEP	2026-09-11T19:09:23.1259490Z DO
proof	UNKNOWN STEP	2026-09-11T19:09:23.1268433Z COMMIT
proof	UNKNOWN STEP	2026-09-11T19:09:23.1389260Z Applying accepted predecessor: sql/migrations/20260904163938_build_3_claims_evidence_links.sql
proof	UNKNOWN STEP	2026-09-11T19:09:23.2484625Z psql:sql/migrations/20260904163938_build_3_claims_evidence_links.sql:7: NOTICE:  extension "pgcrypto" already exists, skipping
proof	UNKNOWN STEP	2026-09-11T19:09:23.2485301Z BEGIN
proof	UNKNOWN STEP	2026-09-11T19:09:23.2486190Z CREATE EXTENSION
proof	UNKNOWN STEP	2026-09-11T19:09:23.2521944Z CREATE TABLE
proof	UNKNOWN STEP	2026-09-11T19:09:23.2540303Z CREATE TABLE
proof	UNKNOWN STEP	2026-09-11T19:09:23.2551117Z CREATE FUNCTION
proof	UNKNOWN STEP	2026-09-11T19:09:23.2557516Z REVOKE
proof	UNKNOWN STEP	2026-09-11T19:09:23.2558063Z CREATE TRIGGER
proof	UNKNOWN STEP	2026-09-11T19:09:23.2564911Z CREATE FUNCTION
proof	UNKNOWN STEP	2026-09-11T19:09:23.2565446Z REVOKE
proof	UNKNOWN STEP	2026-09-11T19:09:23.2566012Z CREATE TRIGGER
proof	UNKNOWN STEP	2026-09-11T19:09:23.2574768Z INSERT 0 1
proof	UNKNOWN STEP	2026-09-11T19:09:23.2597076Z INSERT 0 1
proof	UNKNOWN STEP	2026-09-11T19:09:23.2603673Z ALTER TABLE
proof	UNKNOWN STEP	2026-09-11T19:09:23.2604207Z ALTER TABLE
proof	UNKNOWN STEP	2026-09-11T19:09:23.2604819Z REVOKE
proof	UNKNOWN STEP	2026-09-11T19:09:23.2605400Z REVOKE
proof	UNKNOWN STEP	2026-09-11T19:09:23.2613577Z GRANT
proof	UNKNOWN STEP	2026-09-11T19:09:23.2614054Z GRANT
proof	UNKNOWN STEP	2026-09-11T19:09:23.2614549Z GRANT
proof	UNKNOWN STEP	2026-09-11T19:09:23.2615454Z GRANT
proof	UNKNOWN STEP	2026-09-11T19:09:23.2857390Z DO
proof	UNKNOWN STEP	2026-09-11T19:09:23.2860751Z COMMIT
proof	UNKNOWN STEP	2026-09-11T19:09:23.4081356Z UPDATE 1
proof	UNKNOWN STEP	2026-09-11T19:09:23.4086085Z UPDATE 1
proof	UNKNOWN STEP	2026-09-11T19:09:23.4201556Z Applying accepted predecessor: sql/migrations/20260904215929_build_4_typed_relation_claims.sql
proof	UNKNOWN STEP	2026-09-11T19:09:23.5355669Z BEGIN
proof	UNKNOWN STEP	2026-09-11T19:09:23.5374525Z ALTER TABLE
proof	UNKNOWN STEP	2026-09-11T19:09:23.5374919Z ALTER TABLE
proof	UNKNOWN STEP	2026-09-11T19:09:23.5380127Z ALTER TABLE
proof	UNKNOWN STEP	2026-09-11T19:09:23.5429857Z ALTER TABLE
proof	UNKNOWN STEP	2026-09-11T19:09:23.5440834Z CREATE FUNCTION
proof	UNKNOWN STEP	2026-09-11T19:09:23.5444223Z REVOKE
proof	UNKNOWN STEP	2026-09-11T19:09:23.5452015Z INSERT 0 1
proof	UNKNOWN STEP	2026-09-11T19:09:23.5457732Z INSERT 0 1
proof	UNKNOWN STEP	2026-09-11T19:09:23.5461233Z REVOKE
proof	UNKNOWN STEP	2026-09-11T19:09:23.5465584Z GRANT
proof	UNKNOWN STEP	2026-09-11T19:09:23.5468083Z GRANT
proof	UNKNOWN STEP	2026-09-11T19:09:23.5611149Z DO
proof	UNKNOWN STEP	2026-09-11T19:09:23.5618069Z COMMIT
proof	UNKNOWN STEP	2026-09-11T19:09:23.6885599Z UPDATE 1
proof	UNKNOWN STEP	2026-09-11T19:09:23.6897483Z UPDATE 2
proof	UNKNOWN STEP	2026-09-11T19:09:23.6902814Z UPDATE 1
proof	UNKNOWN STEP	2026-09-11T19:09:23.7021009Z Applying accepted predecessor: sql/migrations/20260905022247_build_5a_standing_transition_history.sql
proof	UNKNOWN STEP	2026-09-11T19:09:23.8115455Z BEGIN
proof	UNKNOWN STEP	2026-09-11T19:09:23.8152604Z CREATE TABLE
proof	UNKNOWN STEP	2026-09-11T19:09:23.8166630Z CREATE FUNCTION
proof	UNKNOWN STEP	2026-09-11T19:09:23.8171369Z REVOKE
proof	UNKNOWN STEP	2026-09-11T19:09:23.8173189Z CREATE FUNCTION
proof	UNKNOWN STEP	2026-09-11T19:09:23.8177395Z REVOKE
proof	UNKNOWN STEP	2026-09-11T19:09:23.8184079Z CREATE TRIGGER
proof	UNKNOWN STEP	2026-09-11T19:09:23.8184748Z ALTER TABLE
proof	UNKNOWN STEP	2026-09-11T19:09:23.8193841Z ALTER TABLE
proof	UNKNOWN STEP	2026-09-11T19:09:23.8221055Z INSERT 0 1
proof	UNKNOWN STEP	2026-09-11T19:09:23.8223241Z ALTER TABLE
proof	UNKNOWN STEP	2026-09-11T19:09:23.8226234Z REVOKE
proof	UNKNOWN STEP	2026-09-11T19:09:23.8234451Z GRANT
proof	UNKNOWN STEP	2026-09-11T19:09:23.8234962Z GRANT
proof	UNKNOWN STEP	2026-09-11T19:09:23.8359712Z DO
proof	UNKNOWN STEP	2026-09-11T19:09:23.8362749Z COMMIT
proof	UNKNOWN STEP	2026-09-11T19:09:23.9569595Z UPDATE 1
proof	UNKNOWN STEP	2026-09-11T19:09:23.9665344Z Applying accepted predecessor: sql/migrations/20260906014257_build_5b_versioned_artifacts.sql
proof	UNKNOWN STEP	2026-09-11T19:09:24.0830391Z CREATE TABLE
proof	UNKNOWN STEP	2026-09-11T19:09:24.0831009Z COMMENT
proof	UNKNOWN STEP	2026-09-11T19:09:24.0834526Z COMMENT
proof	UNKNOWN STEP	2026-09-11T19:09:24.0843371Z CREATE INDEX
proof	UNKNOWN STEP	2026-09-11T19:09:24.0884244Z CREATE FUNCTION
proof	UNKNOWN STEP	2026-09-11T19:09:24.0889789Z CREATE FUNCTION
proof	UNKNOWN STEP	2026-09-11T19:09:24.0897236Z CREATE TRIGGER
proof	UNKNOWN STEP	2026-09-11T19:09:24.0898648Z CREATE TRIGGER
proof	UNKNOWN STEP	2026-09-11T19:09:24.0903620Z REVOKE
proof	UNKNOWN STEP	2026-09-11T19:09:24.0906648Z REVOKE
proof	UNKNOWN STEP	2026-09-11T19:09:24.0910923Z ALTER TABLE
proof	UNKNOWN STEP	2026-09-11T19:09:24.0914545Z REVOKE
proof	UNKNOWN STEP	2026-09-11T19:09:24.0918623Z GRANT
proof	UNKNOWN STEP	2026-09-11T19:09:24.0925275Z GRANT
proof	UNKNOWN STEP	2026-09-11T19:09:24.2139006Z INSERT 0 7
proof	UNKNOWN STEP	2026-09-11T19:09:24.3418997Z DO
proof	UNKNOWN STEP	2026-09-11T19:09:24.3513837Z Accepted BUILD 5B predecessor reconstructed in disposable PG17.
proof	UNKNOWN STEP	2026-09-11T19:09:24.4044343Z ^[[0m^[[32mDownload^[[0m https://registry.npmjs.org/postgres
proof	UNKNOWN STEP	2026-09-11T19:09:24.4063876Z ^[[0m^[[32mDownload^[[0m https://registry.npmjs.org/postgres/-/postgres-3.4.7.tgz
proof	UNKNOWN STEP	2026-09-11T19:09:24.6813655Z {
proof	UNKNOWN STEP	2026-09-11T19:09:24.6819818Z   "result": "PASS",
proof	UNKNOWN STEP	2026-09-11T19:09:24.6820527Z   "stage": "accepted_build5b_artifacts_7_plus_2",
proof	UNKNOWN STEP	2026-09-11T19:09:24.6821231Z   "count": 9,
proof	UNKNOWN STEP	2026-09-11T19:09:24.6821693Z   "referents": 9,
proof	UNKNOWN STEP	2026-09-11T19:09:24.6822136Z   "receipt_results": {
proof	UNKNOWN STEP	2026-09-11T19:09:24.6822953Z     "1217d889-e874-4875-9c8a-d78c86156583": "FAIL",
proof	UNKNOWN STEP	2026-09-11T19:09:24.6823641Z     "6d0b744b-9707-46cb-b771-9085501e93ee": "PASS"
proof	UNKNOWN STEP	2026-09-11T19:09:24.6824220Z   },
proof	UNKNOWN STEP	2026-09-11T19:09:24.6824633Z   "ids": [
proof	UNKNOWN STEP	2026-09-11T19:09:24.6825129Z     "1217d889-e874-4875-9c8a-d78c86156583",
proof	UNKNOWN STEP	2026-09-11T19:09:24.6825771Z     "407027f9-05cf-4bc3-85dc-012d2e0aa3fe",
proof	UNKNOWN STEP	2026-09-11T19:09:24.6826409Z     "661fc2b6-63f8-4cfc-8d29-697213ac2286",
proof	UNKNOWN STEP	2026-09-11T19:09:24.6827032Z     "6d0b744b-9707-46cb-b771-9085501e93ee",
proof	UNKNOWN STEP	2026-09-11T19:09:24.6827622Z     "8777e33d-7555-40aa-92f9-d5107395c0c7",
proof	UNKNOWN STEP	2026-09-11T19:09:24.6828243Z     "95b5db1d-cb79-439b-ae93-0bdaef5cfda2",
proof	UNKNOWN STEP	2026-09-11T19:09:24.6828875Z     "9c322dda-54b8-4838-bdf1-2df471f0f992",
proof	UNKNOWN STEP	2026-09-11T19:09:24.6850859Z     "ba27d938-c586-4c09-ac31-9c67a2d0b5e0",
proof	UNKNOWN STEP	2026-09-11T19:09:24.6851612Z     "f64d508d-df25-47c8-8d6d-e26a6dc9a906"
proof	UNKNOWN STEP	2026-09-11T19:09:24.6852196Z   ],
proof	UNKNOWN STEP	2026-09-11T19:09:24.6853735Z   "a1_payload_digest": "8b80af401b26d8aa98ad9c4a27bb5385b8b6ac8aa40138f7736950a144ca355c",
proof	UNKNOWN STEP	2026-09-11T19:09:24.6855089Z   "a2_payload_digest": "1d04efad1b7663fdee99c50a05cc8a8a6a682bf9fb6783da4d0b0fa445211c6c"
proof	UNKNOWN STEP	2026-09-11T19:09:24.6855993Z }
proof	UNKNOWN STEP	2026-09-11T19:09:24.8015549Z CREATE ROLE
proof	UNKNOWN STEP	2026-09-11T19:09:24.8016405Z CREATE ROLE
proof	UNKNOWN STEP	2026-09-11T19:09:24.8016747Z CREATE ROLE
proof	UNKNOWN STEP	2026-09-11T19:09:24.8025610Z GRANT ROLE
proof	UNKNOWN STEP	2026-09-11T19:09:24.8026331Z CREATE SCHEMA
proof	UNKNOWN STEP	2026-09-11T19:09:24.8031837Z REVOKE
proof	UNKNOWN STEP	2026-09-11T19:09:24.8032698Z GRANT
proof	UNKNOWN STEP	2026-09-11T19:09:24.8057097Z GRANT
proof	UNKNOWN STEP	2026-09-11T19:09:24.8058122Z GRANT
proof	UNKNOWN STEP	2026-09-11T19:09:24.8058692Z CREATE POLICY
proof	UNKNOWN STEP	2026-09-11T19:09:24.8059736Z CREATE FUNCTION
proof	UNKNOWN STEP	2026-09-11T19:09:24.8071880Z CREATE FUNCTION
proof	UNKNOWN STEP	2026-09-11T19:09:24.8073385Z CREATE FUNCTION
proof	UNKNOWN STEP	2026-09-11T19:09:24.8083324Z CREATE FUNCTION
proof	UNKNOWN STEP	2026-09-11T19:09:24.8107821Z CREATE TABLE
proof	UNKNOWN STEP	2026-09-11T19:09:24.8140797Z CREATE TABLE
proof	UNKNOWN STEP	2026-09-11T19:09:24.8161822Z CREATE TABLE
proof	UNKNOWN STEP	2026-09-11T19:09:24.8182838Z CREATE TABLE
proof	UNKNOWN STEP	2026-09-11T19:09:24.8203836Z ALTER TABLE
proof	UNKNOWN STEP	2026-09-11T19:09:24.8220025Z CREATE TABLE
proof	UNKNOWN STEP	2026-09-11T19:09:24.8252110Z CREATE TABLE
proof	UNKNOWN STEP	2026-09-11T19:09:24.8258532Z CREATE INDEX
proof	UNKNOWN STEP	2026-09-11T19:09:24.8262803Z CREATE INDEX
proof	UNKNOWN STEP	2026-09-11T19:09:24.8296731Z CREATE TABLE
proof	UNKNOWN STEP	2026-09-11T19:09:24.8301966Z CREATE INDEX
proof	UNKNOWN STEP	2026-09-11T19:09:24.8307073Z CREATE INDEX
proof	UNKNOWN STEP	2026-09-11T19:09:24.8317373Z ALTER TABLE
proof	UNKNOWN STEP	2026-09-11T19:09:24.8333898Z ALTER TABLE
proof	UNKNOWN STEP	2026-09-11T19:09:24.8340189Z DO
proof	UNKNOWN STEP	2026-09-11T19:09:24.8344967Z CREATE FUNCTION
proof	UNKNOWN STEP	2026-09-11T19:09:24.8346667Z CREATE FUNCTION
proof	UNKNOWN STEP	2026-09-11T19:09:24.8353186Z CREATE FUNCTION
proof	UNKNOWN STEP	2026-09-11T19:09:24.8357378Z CREATE FUNCTION
proof	UNKNOWN STEP	2026-09-11T19:09:24.8369302Z CREATE FUNCTION
proof	UNKNOWN STEP	2026-09-11T19:09:24.8370260Z CREATE FUNCTION
proof	UNKNOWN STEP	2026-09-11T19:09:24.8391530Z CREATE FUNCTION
proof	UNKNOWN STEP	2026-09-11T19:09:24.8392983Z CREATE FUNCTION
proof	UNKNOWN STEP	2026-09-11T19:09:24.8434810Z DO
proof	UNKNOWN STEP	2026-09-11T19:09:24.8443435Z REVOKE
proof	UNKNOWN STEP	2026-09-11T19:09:24.8450442Z REVOKE
proof	UNKNOWN STEP	2026-09-11T19:09:24.8451258Z ALTER DEFAULT PRIVILEGES
proof	UNKNOWN STEP	2026-09-11T19:09:24.8456218Z ALTER DEFAULT PRIVILEGES
proof	UNKNOWN STEP	2026-09-11T19:09:24.8456688Z GRANT
proof	UNKNOWN STEP	2026-09-11T19:09:24.8458798Z GRANT
proof	UNKNOWN STEP	2026-09-11T19:09:24.8463665Z GRANT
proof	UNKNOWN STEP	2026-09-11T19:09:24.8463998Z GRANT
proof	UNKNOWN STEP	2026-09-11T19:09:24.9671650Z CREATE ROLE
proof	UNKNOWN STEP	2026-09-11T19:09:24.9684827Z CREATE ROLE
proof	UNKNOWN STEP	2026-09-11T19:09:24.9687810Z CREATE ROLE
proof	UNKNOWN STEP	2026-09-11T19:09:24.9688592Z GRANT ROLE
proof	UNKNOWN STEP	2026-09-11T19:09:24.9689533Z CREATE SCHEMA
proof	UNKNOWN STEP	2026-09-11T19:09:24.9690225Z REVOKE
proof	UNKNOWN STEP	2026-09-11T19:09:24.9691212Z GRANT
proof	UNKNOWN STEP	2026-09-11T19:09:24.9693738Z GRANT
proof	UNKNOWN STEP	2026-09-11T19:09:24.9696247Z GRANT
proof	UNKNOWN STEP	2026-09-11T19:09:24.9698332Z GRANT
proof	UNKNOWN STEP	2026-09-11T19:09:24.9700917Z CREATE POLICY
proof	UNKNOWN STEP	2026-09-11T19:09:24.9703461Z CREATE POLICY
proof	UNKNOWN STEP	2026-09-11T19:09:24.9704435Z CREATE POLICY
proof	UNKNOWN STEP	2026-09-11T19:09:24.9705075Z CREATE POLICY
proof	UNKNOWN STEP	2026-09-11T19:09:24.9706038Z CREATE POLICY
proof	UNKNOWN STEP	2026-09-11T19:09:24.9708359Z GRANT
proof	UNKNOWN STEP	2026-09-11T19:09:24.9712914Z ALTER TABLE
proof	UNKNOWN STEP	2026-09-11T19:09:24.9721284Z ALTER TABLE
proof	UNKNOWN STEP	2026-09-11T19:09:24.9724576Z DROP TRIGGER
proof	UNKNOWN STEP	2026-09-11T19:09:24.9730170Z CREATE TRIGGER
proof	UNKNOWN STEP	2026-09-11T19:09:24.9754695Z CREATE TABLE
proof	UNKNOWN STEP	2026-09-11T19:09:24.9760961Z CREATE INDEX
proof	UNKNOWN STEP	2026-09-11T19:09:24.9784456Z CREATE INDEX
proof	UNKNOWN STEP	2026-09-11T19:09:24.9785345Z CREATE INDEX
proof	UNKNOWN STEP	2026-09-11T19:09:24.9789455Z CREATE FUNCTION
proof	UNKNOWN STEP	2026-09-11T19:09:24.9790403Z CREATE FUNCTION
proof	UNKNOWN STEP	2026-09-11T19:09:24.9796904Z CREATE TRIGGER
proof	UNKNOWN STEP	2026-09-11T19:09:24.9801272Z CREATE FUNCTION
proof	UNKNOWN STEP	2026-09-11T19:09:24.9804736Z CREATE FUNCTION
proof	UNKNOWN STEP	2026-09-11T19:09:24.9806791Z CREATE FUNCTION
proof	UNKNOWN STEP	2026-09-11T19:09:24.9813635Z CREATE FUNCTION
proof	UNKNOWN STEP	2026-09-11T19:09:24.9817302Z CREATE FUNCTION
proof	UNKNOWN STEP	2026-09-11T19:09:24.9821048Z CREATE FUNCTION
proof	UNKNOWN STEP	2026-09-11T19:09:24.9830671Z CREATE FUNCTION
proof	UNKNOWN STEP	2026-09-11T19:09:24.9831711Z ALTER TABLE
proof	UNKNOWN STEP	2026-09-11T19:09:24.9833412Z GRANT
proof	UNKNOWN STEP	2026-09-11T19:09:24.9835837Z CREATE POLICY
proof	UNKNOWN STEP	2026-09-11T19:09:24.9864505Z DO
proof	UNKNOWN STEP	2026-09-11T19:09:24.9871078Z REVOKE
proof	UNKNOWN STEP	2026-09-11T19:09:24.9905395Z GRANT
proof	UNKNOWN STEP	2026-09-11T19:09:24.9927371Z GRANT
proof	UNKNOWN STEP	2026-09-11T19:09:24.9927943Z GRANT
proof	UNKNOWN STEP	2026-09-11T19:09:24.9930704Z GRANT
proof	UNKNOWN STEP	2026-09-11T19:09:24.9931404Z GRANT
proof	UNKNOWN STEP	2026-09-11T19:09:24.9940732Z GRANT
proof	UNKNOWN STEP	2026-09-11T19:09:24.9941057Z GRANT
proof	UNKNOWN STEP	2026-09-11T19:09:24.9941384Z GRANT
proof	UNKNOWN STEP	2026-09-11T19:09:25.1089154Z CREATE ROLE
proof	UNKNOWN STEP	2026-09-11T19:09:25.1090014Z CREATE ROLE
proof	UNKNOWN STEP	2026-09-11T19:09:25.1090638Z CREATE ROLE
proof	UNKNOWN STEP	2026-09-11T19:09:25.1096062Z GRANT ROLE
proof	UNKNOWN STEP	2026-09-11T19:09:25.1097551Z GRANT ROLE
proof	UNKNOWN STEP	2026-09-11T19:09:25.1118027Z GRANT ROLE
proof	UNKNOWN STEP	2026-09-11T19:09:25.3593803Z CREATE FUNCTION
proof	UNKNOWN STEP	2026-09-11T19:09:25.3599372Z CREATE FUNCTION
proof	UNKNOWN STEP	2026-09-11T19:09:25.3743852Z CREATE FUNCTION
proof	UNKNOWN STEP	2026-09-11T19:09:25.3744442Z CREATE FUNCTION
proof	UNKNOWN STEP	2026-09-11T19:09:25.3744888Z CREATE FUNCTION
proof	UNKNOWN STEP	2026-09-11T19:09:25.3745304Z CREATE FUNCTION
proof	UNKNOWN STEP	2026-09-11T19:09:25.3745703Z CREATE FUNCTION
proof	UNKNOWN STEP	2026-09-11T19:09:25.3746096Z CREATE FUNCTION
proof	UNKNOWN STEP	2026-09-11T19:09:25.3746498Z CREATE FUNCTION
proof	UNKNOWN STEP	2026-09-11T19:09:25.3746889Z CREATE FUNCTION
proof	UNKNOWN STEP	2026-09-11T19:09:25.3747294Z CREATE FUNCTION
proof	UNKNOWN STEP	2026-09-11T19:09:25.3747680Z CREATE FUNCTION
proof	UNKNOWN STEP	2026-09-11T19:09:25.3748073Z CREATE FUNCTION
proof	UNKNOWN STEP	2026-09-11T19:09:25.3748462Z CREATE FUNCTION
proof	UNKNOWN STEP	2026-09-11T19:09:25.3748848Z CREATE FUNCTION
proof	UNKNOWN STEP	2026-09-11T19:09:25.3749257Z CREATE FUNCTION
proof	UNKNOWN STEP	2026-09-11T19:09:25.3756720Z DO
proof	UNKNOWN STEP	2026-09-11T19:09:25.3768154Z REVOKE
proof	UNKNOWN STEP	2026-09-11T19:09:25.3769924Z GRANT
proof	UNKNOWN STEP	2026-09-11T19:09:25.3772339Z GRANT
proof	UNKNOWN STEP	2026-09-11T19:09:25.3773179Z GRANT
proof	UNKNOWN STEP	2026-09-11T19:09:25.3778158Z GRANT
proof	UNKNOWN STEP	2026-09-11T19:09:25.3780662Z GRANT
proof	UNKNOWN STEP	2026-09-11T19:09:25.3781074Z GRANT
proof	UNKNOWN STEP	2026-09-11T19:09:25.4665516Z CREATE ROLE
proof	UNKNOWN STEP	2026-09-11T19:09:25.4666424Z CREATE ROLE
proof	UNKNOWN STEP	2026-09-11T19:09:25.4671983Z CREATE ROLE
proof	UNKNOWN STEP	2026-09-11T19:09:25.4672945Z CREATE ROLE
proof	UNKNOWN STEP	2026-09-11T19:09:25.4677353Z GRANT ROLE
proof	UNKNOWN STEP	2026-09-11T19:09:25.4680776Z GRANT ROLE
proof	UNKNOWN STEP	2026-09-11T19:09:25.4684513Z GRANT ROLE
proof	UNKNOWN STEP	2026-09-11T19:09:25.9950653Z P01 PASS (1 controls)
proof	UNKNOWN STEP	2026-09-11T19:09:26.3160602Z P02 PASS (21 controls)
proof	UNKNOWN STEP	2026-09-11T19:09:26.4967987Z P03 PASS (11 controls)
proof	UNKNOWN STEP	2026-09-11T19:09:26.7850499Z P04 PASS (17 controls)
proof	UNKNOWN STEP	2026-09-11T19:09:26.9238227Z P05 PASS (10 controls)
proof	UNKNOWN STEP	2026-09-11T19:09:27.7274134Z P06 PASS (7 controls)
proof	UNKNOWN STEP	2026-09-11T19:09:28.4230878Z P07 PASS (7 controls)
proof	UNKNOWN STEP	2026-09-11T19:09:29.0968289Z P08 PASS (4 controls)
proof	UNKNOWN STEP	2026-09-11T19:09:29.3876643Z P09 PASS (4 controls)
proof	UNKNOWN STEP	2026-09-11T19:09:30.0087691Z P10 PASS (7 controls)
proof	UNKNOWN STEP	2026-09-11T19:09:30.3157460Z P11 PASS (1 controls)
proof	UNKNOWN STEP	2026-09-11T19:09:31.0424867Z P12 PASS (3 controls)
proof	UNKNOWN STEP	2026-09-11T19:09:31.2978572Z P13 PASS (5 controls)
proof	UNKNOWN STEP	2026-09-11T19:09:31.4564127Z P14 PASS (11 controls)
proof	UNKNOWN STEP	2026-09-11T19:09:32.7651101Z Supplemental PASS (18 controls)
proof	UNKNOWN STEP	2026-09-11T19:09:33.5546921Z Dispatch replay PASS
proof	UNKNOWN STEP	2026-09-11T19:09:34.1403920Z Freeze verified (18 files)
proof	UNKNOWN STEP	2026-09-11T19:09:35.0703929Z Untuned post-freeze holdout PASS
proof	UNKNOWN STEP	2026-09-11T19:09:35.1564544Z Freeze verified (18 files)
proof	UNKNOWN STEP	2026-09-11T19:09:35.1808122Z Custody, identity, schema and definition audit PASS
proof	UNKNOWN STEP	2026-09-11T19:09:35.5243321Z Checked 12 files
proof	UNKNOWN STEP	2026-09-11T19:09:35.5958992Z Node 20 is being deprecated. This workflow is running with Node 24 by default. If you need to temporarily use Node 20, you can set the ACTIONS_ALLOW_USE_UNSECURE_NODE_VERSION=true environment variable. For more information see: https://github.blog/changelog/2025-09-19-deprecation-of-node-20-on-github-actions-runners/
proof	UNKNOWN STEP	2026-09-11T19:09:35.5960262Z ##[group]Run actions/upload-artifact@v4
proof	UNKNOWN STEP	2026-09-11T19:09:35.5960538Z with:
proof	UNKNOWN STEP	2026-09-11T19:09:35.5960759Z   name: eco-103-build-8-proof
proof	UNKNOWN STEP	2026-09-11T19:09:35.5961054Z   path: docs/build-receipts/evidence/build-8/
proof	UNKNOWN STEP	2026-09-11T19:09:35.5961364Z   if-no-files-found: warn
proof	UNKNOWN STEP	2026-09-11T19:09:35.5961606Z   compression-level: 6
proof	UNKNOWN STEP	2026-09-11T19:09:35.5961846Z   overwrite: false
proof	UNKNOWN STEP	2026-09-11T19:09:35.5962078Z   include-hidden-files: false
proof	UNKNOWN STEP	2026-09-11T19:09:35.5962323Z ##[endgroup]
proof	UNKNOWN STEP	2026-09-11T19:09:35.7817528Z (node:3397) [DEP0040] DeprecationWarning: The `punycode` module is deprecated. Please use a userland alternative instead.
proof	UNKNOWN STEP	2026-09-11T19:09:35.7819686Z (Use `node --trace-deprecation ...` to show where the warning was created)
proof	UNKNOWN STEP	2026-09-11T19:09:35.8593527Z With the provided path, there will be 24 files uploaded
proof	UNKNOWN STEP	2026-09-11T19:09:35.8594452Z Artifact name is valid!
proof	UNKNOWN STEP	2026-09-11T19:09:35.8594945Z Root directory input is valid!
proof	UNKNOWN STEP	2026-09-11T19:09:36.0628803Z Beginning upload of artifact content to blob storage
proof	UNKNOWN STEP	2026-09-11T19:09:36.1702019Z (node:3397) [DEP0169] DeprecationWarning: `url.parse()` behavior is not standardized and prone to errors that have security implications. Use the WHATWG URL API instead. CVEs are not issued for `url.parse()` vulnerabilities.
proof	UNKNOWN STEP	2026-09-11T19:09:36.3885886Z Uploaded bytes 871976
proof	UNKNOWN STEP	2026-09-11T19:09:36.4517443Z Finished uploading artifact content to blob storage!
proof	UNKNOWN STEP	2026-09-11T19:09:36.4518770Z SHA256 digest of uploaded artifact zip is a0ba27e3302254f04faa9e364edeff476e1f0978838121eddde15f3f87582a6f
proof	UNKNOWN STEP	2026-09-11T19:09:36.4519549Z Finalizing artifact upload
proof	UNKNOWN STEP	2026-09-11T19:09:36.6820072Z Artifact eco-103-build-8-proof.zip successfully finalized. Artifact ID 10278503370
proof	UNKNOWN STEP	2026-09-11T19:09:36.6821355Z Artifact eco-103-build-8-proof has been successfully uploaded! Final size is 871976 bytes. Artifact ID is 10278503370
proof	UNKNOWN STEP	2026-09-11T19:09:36.6823048Z Artifact download URL: https://github.com/Levi-Anthony/ecb-v2/actions/runs/34637253956/artifacts/10278503370
proof	UNKNOWN STEP	2026-09-11T19:09:36.7049447Z Post job cleanup.
proof	UNKNOWN STEP	2026-09-11T19:09:36.8356639Z Caching is not enabled. Caching is skipped.
proof	UNKNOWN STEP	2026-09-11T19:09:36.8575363Z Node 20 is being deprecated. This workflow is running with Node 24 by default. If you need to temporarily use Node 20, you can set the ACTIONS_ALLOW_USE_UNSECURE_NODE_VERSION=true environment variable. For more information see: https://github.blog/changelog/2025-09-19-deprecation-of-node-20-on-github-actions-runners/
proof	UNKNOWN STEP	2026-09-11T19:09:36.8577678Z Post job cleanup.
proof	UNKNOWN STEP	2026-09-11T19:09:37.0024811Z (node:3417) [DEP0040] DeprecationWarning: The `punycode` module is deprecated. Please use a userland alternative instead.
proof	UNKNOWN STEP	2026-09-11T19:09:37.0059357Z (Use `node --trace-deprecation ...` to show where the warning was created)
proof	UNKNOWN STEP	2026-09-11T19:09:37.0436142Z Node 20 is being deprecated. This workflow is running with Node 24 by default. If you need to temporarily use Node 20, you can set the ACTIONS_ALLOW_USE_UNSECURE_NODE_VERSION=true environment variable. For more information see: https://github.blog/changelog/2025-09-19-deprecation-of-node-20-on-github-actions-runners/
proof	UNKNOWN STEP	2026-09-11T19:09:37.0438326Z Post job cleanup.
proof	UNKNOWN STEP	2026-09-11T19:09:37.2164628Z [command]/usr/bin/git version
proof	UNKNOWN STEP	2026-09-11T19:09:37.2254555Z git version 2.55.0
proof	UNKNOWN STEP	2026-09-11T19:09:37.2289432Z Temporarily overriding HOME='/home/runner/work/_temp/948eefa8-da0f-412d-b99c-610fd8d7685a' before making global git config changes
proof	UNKNOWN STEP	2026-09-11T19:09:37.2297504Z Adding repository directory to the temporary git global config as a safe directory
proof	UNKNOWN STEP	2026-09-11T19:09:37.2299341Z [command]/usr/bin/git config --global --add safe.directory /home/runner/work/ecb-v2/ecb-v2
proof	UNKNOWN STEP	2026-09-11T19:09:37.2350805Z [command]/usr/bin/git config --local --name-only --get-regexp core\.sshCommand
proof	UNKNOWN STEP	2026-09-11T19:09:37.2468106Z [command]/usr/bin/git submodule foreach --recursive sh -c "git config --local --name-only --get-regexp 'core\.sshCommand' && git config --local --unset-all 'core.sshCommand' || :"
proof	UNKNOWN STEP	2026-09-11T19:09:37.2852153Z [command]/usr/bin/git config --local --name-only --get-regexp http\.https\:\/\/github\.com\/\.extraheader
proof	UNKNOWN STEP	2026-09-11T19:09:37.2903562Z http.https://github.com/.extraheader
proof	UNKNOWN STEP	2026-09-11T19:09:37.2964085Z [command]/usr/bin/git config --local --unset-all http.https://github.com/.extraheader
proof	UNKNOWN STEP	2026-09-11T19:09:37.2967649Z [command]/usr/bin/git submodule foreach --recursive sh -c "git config --local --name-only --get-regexp 'http\.https\:\/\/github\.com\/\.extraheader' && git config --local --unset-all 'http.https://github.com/.extraheader' || :"
proof	UNKNOWN STEP	2026-09-11T19:09:37.3665117Z [command]/usr/bin/git config --local --name-only --get-regexp ^includeIf\.gitdir:
proof	UNKNOWN STEP	2026-09-11T19:09:37.3733773Z [command]/usr/bin/git submodule foreach --recursive git config --local --show-origin --name-only --get-regexp remote.origin.url
proof	UNKNOWN STEP	2026-09-11T19:09:37.3937996Z Cleaning up orphan processes
proof	UNKNOWN STEP	2026-09-11T19:09:37.4357946Z ##[warning]Node.js 20 is deprecated. The following actions target Node.js 20 but are being forced to run on Node.js 24: actions/checkout@v4, actions/setup-node@v4, actions/upload-artifact@v4. For more information see: https://github.blog/changelog/2025-09-19-deprecation-of-node-20-on-github-actions-runners/
