CREATE ROLE
CREATE ROLE
CREATE ROLE
CREATE ROLE
CREATE ROLE
GRANT ROLE
CREATE SCHEMA
REVOKE
GRANT
GRANT
GRANT
GRANT
GRANT
GRANT
CREATE POLICY
CREATE POLICY
CREATE POLICY
CREATE POLICY
CREATE POLICY
CREATE POLICY
ALTER TABLE
ALTER TABLE
CREATE INDEX
CREATE INDEX
CREATE INDEX
CREATE INDEX
CREATE FUNCTION
CREATE FUNCTION
CREATE TRIGGER
CREATE FUNCTION
CREATE FUNCTION
CREATE FUNCTION
CREATE FUNCTION
CREATE FUNCTION
CREATE FUNCTION
CREATE FUNCTION
CREATE FUNCTION
CREATE FUNCTION
CREATE FUNCTION
CREATE FUNCTION
CREATE FUNCTION
CREATE FUNCTION
CREATE FUNCTION
CREATE FUNCTION
CREATE FUNCTION
CREATE FUNCTION
CREATE FUNCTION
CREATE FUNCTION
CREATE FUNCTION
CREATE FUNCTION
DO
REVOKE
GRANT
GRANT
GRANT
GRANT
GRANT
CREATE ROLE
CREATE ROLE
CREATE ROLE
CREATE ROLE
GRANT ROLE
GRANT ROLE
GRANT ROLE
GRANT ROLE
