CREATE ROLE
CREATE ROLE
CREATE ROLE
CREATE ROLE
GRANT ROLE
CREATE SCHEMA
CREATE SCHEMA
CREATE EXTENSION
CREATE EXTENSION
GRANT
CREATE TABLE
Applying accepted predecessor: sql/migrations/20260903235721_build_0_atomic_thoughts.sql
CREATE EXTENSION
psql:sql/migrations/20260903235721_build_0_atomic_thoughts.sql:4: NOTICE:  extension "vector" already exists, skipping
CREATE TABLE
COMMENT
ALTER TABLE
REVOKE
GRANT
CREATE FUNCTION
REVOKE
GRANT
INSERT 0 1
Applying accepted predecessor: sql/migrations/20260904000010_build_0_least_privilege.sql
REVOKE
GRANT
Applying accepted predecessor: sql/migrations/20260904093341_build_2_universal_referents.sql
BEGIN
LOCK TABLE
CREATE TABLE
CREATE FUNCTION
REVOKE
CREATE TRIGGER
INSERT 0 1
INSERT 0 1
ALTER TABLE
ALTER TABLE
REVOKE
GRANT
GRANT
DO
COMMIT
Applying accepted predecessor: sql/migrations/20260904163938_build_3_claims_evidence_links.sql
BEGIN
psql:sql/migrations/20260904163938_build_3_claims_evidence_links.sql:7: NOTICE:  extension "pgcrypto" already exists, skipping
CREATE EXTENSION
CREATE TABLE
CREATE TABLE
CREATE FUNCTION
REVOKE
CREATE TRIGGER
CREATE FUNCTION
REVOKE
CREATE TRIGGER
INSERT 0 1
INSERT 0 1
ALTER TABLE
ALTER TABLE
REVOKE
REVOKE
GRANT
GRANT
GRANT
GRANT
DO
COMMIT
UPDATE 1
UPDATE 1
Applying accepted predecessor: sql/migrations/20260904215929_build_4_typed_relation_claims.sql
BEGIN
ALTER TABLE
ALTER TABLE
ALTER TABLE
ALTER TABLE
CREATE FUNCTION
REVOKE
INSERT 0 1
INSERT 0 1
REVOKE
GRANT
GRANT
DO
COMMIT
UPDATE 1
UPDATE 2
UPDATE 1
Applying accepted predecessor: sql/migrations/20260905022247_build_5a_standing_transition_history.sql
BEGIN
CREATE TABLE
CREATE FUNCTION
REVOKE
CREATE FUNCTION
REVOKE
CREATE TRIGGER
ALTER TABLE
ALTER TABLE
INSERT 0 1
ALTER TABLE
REVOKE
GRANT
GRANT
DO
COMMIT
UPDATE 1
Applying accepted predecessor: sql/migrations/20260906014257_build_5b_versioned_artifacts.sql
CREATE TABLE
COMMENT
COMMENT
CREATE INDEX
CREATE FUNCTION
CREATE FUNCTION
CREATE TRIGGER
CREATE TRIGGER
REVOKE
REVOKE
ALTER TABLE
REVOKE
GRANT
GRANT
INSERT 0 7
DO
Accepted BUILD 5B predecessor reconstructed in disposable PG17.
{
  "result": "PASS",
  "stage": "accepted_build5b_artifacts_7_plus_2",
  "count": 9,
  "referents": 9,
  "receipt_results": {
    "1217d889-e874-4875-9c8a-d78c86156583": "FAIL",
    "6d0b744b-9707-46cb-b771-9085501e93ee": "PASS"
  },
  "ids": [
    "1217d889-e874-4875-9c8a-d78c86156583",
    "407027f9-05cf-4bc3-85dc-012d2e0aa3fe",
    "661fc2b6-63f8-4cfc-8d29-697213ac2286",
    "6d0b744b-9707-46cb-b771-9085501e93ee",
    "8777e33d-7555-40aa-92f9-d5107395c0c7",
    "95b5db1d-cb79-439b-ae93-0bdaef5cfda2",
    "9c322dda-54b8-4838-bdf1-2df471f0f992",
    "ba27d938-c586-4c09-ac31-9c67a2d0b5e0",
    "f64d508d-df25-47c8-8d6d-e26a6dc9a906"
  ],
  "a1_payload_digest": "8b80af401b26d8aa98ad9c4a27bb5385b8b6ac8aa40138f7736950a144ca355c",
  "a2_payload_digest": "1d04efad1b7663fdee99c50a05cc8a8a6a682bf9fb6783da4d0b0fa445211c6c"
}
CREATE ROLE
CREATE ROLE
CREATE ROLE
GRANT ROLE
CREATE SCHEMA
REVOKE
GRANT
GRANT
GRANT
CREATE POLICY
CREATE FUNCTION
CREATE FUNCTION
CREATE FUNCTION
CREATE FUNCTION
CREATE TABLE
CREATE TABLE
CREATE TABLE
CREATE TABLE
ALTER TABLE
CREATE TABLE
CREATE TABLE
CREATE INDEX
CREATE INDEX
CREATE TABLE
CREATE INDEX
CREATE INDEX
ALTER TABLE
ALTER TABLE
DO
CREATE FUNCTION
CREATE FUNCTION
CREATE FUNCTION
CREATE FUNCTION
CREATE FUNCTION
CREATE FUNCTION
CREATE FUNCTION
CREATE FUNCTION
DO
REVOKE
REVOKE
ALTER DEFAULT PRIVILEGES
ALTER DEFAULT PRIVILEGES
GRANT
GRANT
GRANT
GRANT
CREATE ROLE
CREATE ROLE
CREATE ROLE
GRANT ROLE
CREATE SCHEMA
REVOKE
GRANT
GRANT
GRANT
GRANT
CREATE POLICY
CREATE POLICY
CREATE POLICY
CREATE POLICY
CREATE POLICY
GRANT
ALTER TABLE
ALTER TABLE
DROP TRIGGER
CREATE TRIGGER
CREATE TABLE
CREATE INDEX
CREATE INDEX
CREATE INDEX
CREATE FUNCTION
CREATE FUNCTION
CREATE TRIGGER
CREATE FUNCTION
CREATE FUNCTION
CREATE FUNCTION
CREATE FUNCTION
CREATE FUNCTION
CREATE FUNCTION
CREATE FUNCTION
ALTER TABLE
GRANT
CREATE POLICY
DO
REVOKE
GRANT
GRANT
GRANT
GRANT
GRANT
GRANT
GRANT
GRANT
CREATE ROLE
CREATE ROLE
CREATE ROLE
GRANT ROLE
GRANT ROLE
GRANT ROLE
CREATE ROLE
CREATE ROLE
CREATE ROLE
CREATE ROLE
GRANT ROLE
CREATE SCHEMA
REVOKE
GRANT
GRANT
GRANT
GRANT
GRANT
GRANT
CREATE POLICY
CREATE POLICY
CREATE POLICY
CREATE POLICY
CREATE POLICY
CREATE POLICY
ALTER TABLE
ALTER TABLE
DROP TRIGGER
CREATE TRIGGER
CREATE FUNCTION
CREATE FUNCTION
CREATE FUNCTION
CREATE TRIGGER
CREATE FUNCTION
DO
REVOKE
CREATE FUNCTION
CREATE FUNCTION
CREATE FUNCTION
CREATE FUNCTION
CREATE FUNCTION
CREATE FUNCTION
CREATE FUNCTION
CREATE FUNCTION
CREATE FUNCTION
CREATE FUNCTION
CREATE FUNCTION
CREATE FUNCTION
CREATE FUNCTION
CREATE FUNCTION
CREATE FUNCTION
CREATE FUNCTION
DO
REVOKE
GRANT
GRANT
GRANT
GRANT
GRANT
GRANT
