node:internal/modules/run_main:107
    triggerUncaughtException(
    ^

PostgresError: null value in column "id" of relation "referents" violates not-null constraint
    at ErrorResponse (file:///Users/prodadmin/ECB-build-9-move/tests/build-7/node_modules/postgres/src/connection.js:815:30)
    at handle (file:///Users/prodadmin/ECB-build-9-move/tests/build-7/node_modules/postgres/src/connection.js:489:6)
    at Socket.data (file:///Users/prodadmin/ECB-build-9-move/tests/build-7/node_modules/postgres/src/connection.js:324:9)
    at Socket.emit (node:events:514:28)
    at addChunk (node:internal/streams/readable:568:12)
    at readableAddChunkPushByteMode (node:internal/streams/readable:519:3)
    at Readable.push (node:internal/streams/readable:399:5)
    at TCP.onStreamRead (node:internal/stream_base_commons:189:23)
    at cachedError (file:///Users/prodadmin/ECB-build-9-move/tests/build-7/node_modules/postgres/src/query.js:170:23)
    at new Query (file:///Users/prodadmin/ECB-build-9-move/tests/build-7/node_modules/postgres/src/query.js:36:24)
    at sql (file:///Users/prodadmin/ECB-build-9-move/tests/build-7/node_modules/postgres/src/index.js:112:11)
    at ref (file:///Users/prodadmin/ECB-build-9-move/tests/build-9/support.mjs:14:39) {
  severity_local: 'ERROR',
  severity: 'ERROR',
  code: '23502',
  detail: 'Failing row contains (null, 2026-09-12 15:22:26.895656+00).',
  schema_name: 'public',
  table_name: 'referents',
  column_name: 'id',
  file: 'execMain.c',
  line: '2022',
  routine: 'ExecConstraints'
}

Node.js v24.21.0
